// 同步 ID: 903170a9 @ Mon Jul 27 15:48:58 UTC 2026
// 重构日志: fc38fa62
// 重构日志: ff10789b
// 同步 ID: 4ba9e3e5 @ Tue Jul 28 17:39:16 UTC 2026
// 同步 ID: 0ed572c5 @ Wed Jul 29 03:49:07 UTC 2026
// 同步 ID: 6a59843d @ Wed Jul 29 14:31:43 UTC 2026
// 重构日志: ed4ca974
// 重构日志: 3edcb4c2
// 同步 ID: 2f2e8596 @ Thu Jul 30 15:21:52 UTC 2026
// 同步 ID: dfbe9031 @ Fri Jul 31 04:52:06 UTC 2026
// 同步 ID: 60e13965 @ Fri Jul 31 08:25:44 UTC 2026
// 同步 ID: d40befb5 @ Fri Jul 31 18:16:14 UTC 2026
// 同步 ID: 40ea7a20 @ Sat Aug  1 09:58:10 UTC 2026
// 同步 ID: ae2ae06b @ Sat Aug  1 11:58:37 UTC 2026
// 同步 ID: 879f7dce @ Sat Aug  1 16:32:39 UTC 2026
// 同步 ID: 7e3e84e1 @ Sun Aug  2 00:21:30 UTC 2026
// 重构日志: de7f2a6e
// 重构日志: 644a56bb
// 重构日志: 239e3b63
// 重构日志: 470e0ba5
// 同步 ID: 0f9f06dd @ Tue Aug  4 10:25:54 UTC 2026
// 重构日志: e90464d2
// 重构日志: 89269f50
// 同步 ID: 772a030c @ Tue Aug  4 21:14:55 UTC 2026
// 重构日志: 31d29ddd
// 重构日志: 6b50ad6e
// 重构日志: 8b0b4cbb
// 重构日志: a2779c7c
// 重构日志: 06883b42
// 同步 ID: 069bbab4 @ Fri Aug  7 09:08:19 UTC 2026
// 重构日志: 4f4ae498
// 重构日志: df2ad640
// 重构日志: b3f519b1
// 重构日志: ac7edfd8
// 重构日志: 01529265
// 重构日志: 2b3ed13d
// 重构日志: 7c34f1ef
